Id	Title	Subtitle	Autocomplete	
postgres@qa.skiline.net/	postgres@qa.skiline.net/	Connection	postgres@qa.skiline.net/
hikeline@www.hikeline.cc/	hikeline@www.hikeline.cc/	Connection	hikeline@www.hikeline.cc/
hikeline@www.hikeline.cc/hikeline	hikeline@www.hikeline.cc/hikeline/	Connection	hikeline@www.hikeline.cc/hikeline/
skiline@localhost/skiline_test	skiline@localhost/skiline_test/	Connection	skiline@localhost/skiline_test/
postgres@qa.skiline.net/skiline	postgres@qa.skiline.net/skiline/	Connection	postgres@qa.skiline.net/skiline/
skiline@localhost/skiline	skiline@localhost/skiline/	Connection	skiline@localhost/skiline/
hikeline@localhost/	hikeline@localhost/	Connection	hikeline@localhost/
postgres@localhost/	postgres@localhost/	Connection	postgres@localhost/
skiline@188.65.75.24/skiline	skiline@188.65.75.24/skiline/	Connection	skiline@188.65.75.24/skiline/
postgres@sevensummits.easyplex.com/sevensummits	postgres@sevensummits.easyplex.com/sevensummits/	Connection	postgres@sevensummits.easyplex.com/sevensummits/
skiline@bmwqa.skiline.net/	skiline@bmwqa.skiline.net/	Connection	skiline@bmwqa.skiline.net/
skiline@qa.skiline.net/	skiline@qa.skiline.net/	Connection	skiline@qa.skiline.net/
postgres@qa2.skiline.net/	postgres@qa2.skiline.net/	Connection	postgres@qa2.skiline.net/
skiline@qa.skiline.net/skiline	skiline@qa.skiline.net/skiline/	Connection	skiline@qa.skiline.net/skiline/
postgres@188.65.75.24/skiline	postgres@188.65.75.24/skiline/	Connection	postgres@188.65.75.24/skiline/
postgres@localhost/skiline	postgres@localhost/skiline/	Connection	postgres@localhost/skiline/
postgres@bmwqa.skiline.net/skiline	postgres@bmwqa.skiline.net/skiline/	Connection	postgres@bmwqa.skiline.net/skiline/
skiline@qa2.skiline.net/skiline	skiline@qa2.skiline.net/skiline/	Connection	skiline@qa2.skiline.net/skiline/
skiline@localhost/	skiline@localhost/	Connection	skiline@localhost/
skiline@188.65.75.24/	skiline@188.65.75.24/	Connection	skiline@188.65.75.24/
skiline-php@localhost/skiline	skiline-php@localhost/skiline/	Connection	skiline-php@localhost/skiline/
hikeline@localhost/hikeline	hikeline@localhost/hikeline/	Connection	hikeline@localhost/hikeline/
skiline@livecopy.skiline.net/	skiline@livecopy.skiline.net/	Connection	skiline@livecopy.skiline.net/
skiline@livecopy.skiline.net/skiline	skiline@livecopy.skiline.net/skiline/	Connection	skiline@livecopy.skiline.net/skiline/
postgres@bmwqa.skiline.net/	postgres@bmwqa.skiline.net/	Connection	postgres@bmwqa.skiline.net/
skiline@bmwqa.skiline.net/skiline	skiline@bmwqa.skiline.net/skiline/	Connection	skiline@bmwqa.skiline.net/skiline/
postgres@livecopy.skiline.net/skiline	postgres@livecopy.skiline.net/skiline/	Connection	postgres@livecopy.skiline.net/skiline/

