Id	Title	Subtitle	Autocomplete	
skiline@bmwqa.skiline.net/	skiline@bmwqa.skiline.net/	Connection	skiline@bmwqa.skiline.net/
postgres@bmwqa.skiline.net/skiline	postgres@bmwqa.skiline.net/skiline/	Connection	postgres@bmwqa.skiline.net/skiline/
postgres@bmwqa.skiline.net/	postgres@bmwqa.skiline.net/	Connection	postgres@bmwqa.skiline.net/
skiline@bmwqa.skiline.net/skiline	skiline@bmwqa.skiline.net/skiline/	Connection	skiline@bmwqa.skiline.net/skiline/

