Id	Title	Subtitle	Autocomplete	
skiline@localhost/skiline_test	skiline@localhost/skiline_test/	Connection	skiline@localhost/skiline_test/
skiline@localhost/skiline	skiline@localhost/skiline/	Connection	skiline@localhost/skiline/
skiline@188.65.75.24/skiline	skiline@188.65.75.24/skiline/	Connection	skiline@188.65.75.24/skiline/
skiline@bmwqa.skiline.net/	skiline@bmwqa.skiline.net/	Connection	skiline@bmwqa.skiline.net/
skiline@qa.skiline.net/	skiline@qa.skiline.net/	Connection	skiline@qa.skiline.net/
skiline@qa.skiline.net/skiline	skiline@qa.skiline.net/skiline/	Connection	skiline@qa.skiline.net/skiline/
skiline@qa2.skiline.net/skiline	skiline@qa2.skiline.net/skiline/	Connection	skiline@qa2.skiline.net/skiline/
skiline@localhost/	skiline@localhost/	Connection	skiline@localhost/
skiline@188.65.75.24/	skiline@188.65.75.24/	Connection	skiline@188.65.75.24/
skiline-php@localhost/skiline	skiline-php@localhost/skiline/	Connection	skiline-php@localhost/skiline/
skiline@livecopy.skiline.net/	skiline@livecopy.skiline.net/	Connection	skiline@livecopy.skiline.net/
skiline@livecopy.skiline.net/skiline	skiline@livecopy.skiline.net/skiline/	Connection	skiline@livecopy.skiline.net/skiline/
skiline@bmwqa.skiline.net/skiline	skiline@bmwqa.skiline.net/skiline/	Connection	skiline@bmwqa.skiline.net/skiline/

