Id	Title	Subtitle	Autocomplete
28df0ec2-4623-33eb-a55f-9762da504a67	access_log	Title: {0}.id	skiline@localhost/skiline/access_log/
6ad65771-6397-30b1-9008-87fea08c6f00	address	Title: {0}.id	skiline@localhost/skiline/address/
d4091fb8-86d6-361f-884a-3135b224afeb	album	Title: {0}.id	skiline@localhost/skiline/album/
c2674164-9ed3-3b79-9eb9-c9a66141767b	anon_mail	Title: {0}.id	skiline@localhost/skiline/anon_mail/
74b93cba-97a4-3dcb-9ea1-4b30a26f2a63	api_key	Title: {0}.comment	skiline@localhost/skiline/api_key/
13537490-5fcd-3732-86e7-bb478671e5a9	api_key_2_badge_definition	Title: {api_key_id_title} || ': ' || {badge_definition_id_title}	skiline@localhost/skiline/api_key_2_badge_definition/
9ecd7960-3bfb-37b5-b567-54783f29c611	api_key_2_competition	Title: {api_key_id_title} || ': ' || {competition_id_title}	skiline@localhost/skiline/api_key_2_competition/
a71b2ae2-ec0c-3e46-948a-2d68a58628f7	api_permission	Title: {api_key_id_title} || ': ' || {api_service_method_id_title}	skiline@localhost/skiline/api_permission/
bc641f11-4333-3fe1-be2e-721143332bf5	api_service_method	Title: {0}.service || '.' || {0}.method	skiline@localhost/skiline/api_service_method/
a63619c0-6d9e-3262-afac-7f4dd06543ba	audit_log	Title: {0}.id	skiline@localhost/skiline/audit_log/
0fec8d2f-88cd-3390-a3c9-463fbec174e9	authentication_token	Title: {0}.id	skiline@localhost/skiline/authentication_token/
96c78b52-9ea1-323f-be16-b7a85a373f0c	axess_connection_params	Title: {0}.id	skiline@localhost/skiline/axess_connection_params/
e1491dbd-9b8e-3886-88e0-9ad575bb2d46	axess_lift_2_section	Title: {0}.id	skiline@localhost/skiline/axess_lift_2_section/
e51b301a-0959-3667-94dc-356274bb654f	badge	Title: {0}.id	skiline@localhost/skiline/badge/
6cdf6922-fb46-3027-af2c-9b8497cdecbb	badge_definition	Title: {0}.key	skiline@localhost/skiline/badge_definition/
e11b4c59-b275-351b-80e7-5ec1df9ba958	badge_rule	Title: {0}.id	skiline@localhost/skiline/badge_rule/
c6db7be5-6648-3b0d-b80d-009777babf3f	badge_rule_2_ski_resort	Title: {0}.id	skiline@localhost/skiline/badge_rule_2_ski_resort/
7505422c-457b-3abe-8c5c-cf8bc42da75e	badge_rule_processor_info	Title: {0}.id	skiline@localhost/skiline/badge_rule_processor_info/
7a2f2257-8659-3036-8668-eebb3619019d	challenge	Title: {0}.id	skiline@localhost/skiline/challenge/
f40c469f-a509-35f8-8c43-9095c320ad68	challenge_invitation	Title: {0}.id	skiline@localhost/skiline/challenge_invitation/
bcc685a3-45b1-33a4-9c13-940b80986036	challenge_log	Title: {0}.id	skiline@localhost/skiline/challenge_log/
0b11ee88-3ab9-3ac3-b1dd-4b77664741b6	challenge_penalty	Title: {0}.id	skiline@localhost/skiline/challenge_penalty/
5667eb58-e99a-3549-aff2-81847597c155	challenge_purchase	Title: {0}.id	skiline@localhost/skiline/challenge_purchase/
3fc0657b-18c5-3f77-8510-36bb600f569c	challenge_ranking_filter	Title: {0}.id	skiline@localhost/skiline/challenge_ranking_filter/
15692103-7bca-3d80-afa4-43893e7ee502	check_missing_ids	Title: {0}.id	skiline@localhost/skiline/check_missing_ids/
fab55947-8fd0-3cf6-8808-98ad0f16a35f	checkpoint	Title: {0}.id	skiline@localhost/skiline/checkpoint/
6b7a3b6f-6803-341b-9d7d-a1856e8274ec	chip_number_to_external_id_mapping	Title: {0}.id	skiline@localhost/skiline/chip_number_to_external_id_mapping/
b09545fc-d408-33c3-8be9-63c20385cf86	clicks	Title: {0}.id	skiline@localhost/skiline/clicks/
b5369c47-23ab-34ca-954c-adf38cb9e138	clicks_campaign	Title: {0}.id	skiline@localhost/skiline/clicks_campaign/
f3d4ccb0-155c-3fa2-a435-9c18b7cfbf0d	client	Title: {0}.id	skiline@localhost/skiline/client/
1c17ef6f-114f-371b-bb95-cc578dae6c0a	competition	Title: {short_name_title}	skiline@localhost/skiline/competition/
d7beb6e2-2b31-3c2a-833f-812b711e2f01	competition_backup	Title: {0}.id	skiline@localhost/skiline/competition_backup/
afb47772-1796-31dd-97b7-75a1f00122af	competition_definition	Title: {0}.id	skiline@localhost/skiline/competition_definition/
e640c4b6-00a9-392f-8337-b3fdebecf7d6	competition_gradation	Title: {0}.id	skiline@localhost/skiline/competition_gradation/
55784fc1-813d-3193-93b5-662a1ab91937	competition_gradation_item	Title: {0}.id	skiline@localhost/skiline/competition_gradation_item/
20071dbe-2f8a-3152-8c57-efd03390ba8e	competition_instance	Title: {0}.id	skiline@localhost/skiline/competition_instance/
8df6e6b0-dafd-31eb-85ce-e12dcacd30d5	competition_instance_2_badge_rule	Title: {0}.id	skiline@localhost/skiline/competition_instance_2_badge_rule/
bd2ad11e-eb22-38f9-b2ec-0ee804b1d3b2	competition_instance_2_checkpoint	Title: {0}.id	skiline@localhost/skiline/competition_instance_2_checkpoint/
abbbf8dd-ceb6-3398-8106-e230571da91a	competition_instance_2_ski_resort	Title: {0}.id	skiline@localhost/skiline/competition_instance_2_ski_resort/
8d9a7bf4-4e6a-39d1-92f8-ac8134686f48	competition_instance_aggregation	Title: {0}.id	skiline@localhost/skiline/competition_instance_aggregation/
dee7d773-00f2-3984-b297-10d7b3ce7ae4	competition_invitation	Title: {0}.id	skiline@localhost/skiline/competition_invitation/
abe7e9cf-dcba-3c0b-94a0-0c803e62d1aa	competition_registration_key	Title: {0}.id	skiline@localhost/skiline/competition_registration_key/
f504b762-412a-3948-9532-2a19c28205e7	competition_reminder_trial	Title: {0}.id	skiline@localhost/skiline/competition_reminder_trial/
33788dae-7f98-3abe-81d6-1099c0368f93	competition_result	Title: {0}.id	skiline@localhost/skiline/competition_result/
360666df-e722-3683-90de-adcdd0a037d7	competition_result_format	Title: {0}.id	skiline@localhost/skiline/competition_result_format/
df09d005-3a42-3266-a3bc-d32a85b5641b	competition_result_item	Title: {0}.id	skiline@localhost/skiline/competition_result_item/
58fa389f-5c5c-38f6-8cfc-63fd4dde4877	competition_terms	Title: {0}.id	skiline@localhost/skiline/competition_terms/
9ff5dc96-855e-3f23-a649-b6d548a9c030	competition_type	Title: {0}.id	skiline@localhost/skiline/competition_type/
3aa39ec8-36a5-3a11-a90d-18465a8427dc	constants	Title: {0}.id	skiline@localhost/skiline/constants/
17f49e83-b6de-3c15-8e13-f6b95ec0ead0	contact_collect	Title: {0}.id	skiline@localhost/skiline/contact_collect/
bcfb40ba-b31f-3107-a41a-5ccf0b8e235a	contact_info	Title: {0}.id	skiline@localhost/skiline/contact_info/
801fd849-8570-3f35-a412-103a9df61126	countries	Title: {0}.id	skiline@localhost/skiline/countries/
363722e1-da0a-3688-9210-a0aefc74c588	cp_transit	Title: {0}.id	skiline@localhost/skiline/cp_transit/
aeca0b04-aeaa-3137-8ef1-c3ac87d6481e	cpoint	Title: {0}.id	skiline@localhost/skiline/cpoint/
8cbb9192-7f3d-371d-94f4-0a82b70dd885	daz	Title: {0}.id	skiline@localhost/skiline/daz/
1dcdc8db-27bc-39a8-872b-6afc7af9ef38	decorator	Title: {0}.id	skiline@localhost/skiline/decorator/
2025e747-0a75-3f2f-8494-1c00f826ad97	deleted_skicard	Title: {0}.id	skiline@localhost/skiline/deleted_skicard/
1ad037c6-7c7d-36e6-87fa-72db78dde489	deleted_skicard_per_day	Title: {0}.id	skiline@localhost/skiline/deleted_skicard_per_day/
4ef54b51-1299-3cfd-a07d-3a040ad1effc	donation	Title: {0}.id	skiline@localhost/skiline/donation/
2fc7a099-7a08-3a50-81d3-77fb21098947	donee	Title: {0}.id	skiline@localhost/skiline/donee/
b4cd24fb-aade-3d9d-99bf-59c11b6c6116	email_blacklist	Title: {0}.id	skiline@localhost/skiline/email_blacklist/
3d8cd591-8560-3175-9f14-453da8f770df	email_targeting	Title: {0}.id	skiline@localhost/skiline/email_targeting/
71b6ac27-d501-3520-aa07-39ec62275341	email_template	Title: {0}.id	skiline@localhost/skiline/email_template/
687efbe8-52f8-32e9-92d4-2907f1c5f4e5	equipment	Title: {0}.id	skiline@localhost/skiline/equipment/
2a4b3830-eb85-3ac3-b2ef-ade4b9294244	equipment_brand	Title: {0}.id	skiline@localhost/skiline/equipment_brand/
c5e7e2cd-b007-397f-9506-e2cfadc0948b	error_log	Title: {0}.id	skiline@localhost/skiline/error_log/
7e1f8743-399b-3292-83a0-aae1e29d2f63	failed_ticket_request	Title: {0}.id	skiline@localhost/skiline/failed_ticket_request/
7df84051-bc2d-39e0-912e-8ad5960aea1f	faq_category	Title: {0}.id	skiline@localhost/skiline/faq_category/
ce2160f6-cbc3-3ea3-a4b8-fc2d994820d3	faq_item	Title: {0}.id	skiline@localhost/skiline/faq_item/
b18f1548-52bb-3ff2-b7b6-beebe035f17d	favorite	Title: {0}.id	skiline@localhost/skiline/favorite/
57ba9521-c241-34e4-a93e-facf168cf48f	firstname_2_gender	Title: {0}.id	skiline@localhost/skiline/firstname_2_gender/
c69b6964-7e2a-3362-b923-435e4ee0fad3	fitness_profile	Title: {0}.id	skiline@localhost/skiline/fitness_profile/
c3df1e5d-965a-3c90-86da-831351ed81d8	forum	Title: {0}.id	skiline@localhost/skiline/forum/
499c14eb-ebc7-368f-b3af-f3eac35fc8f0	forum_visit	Title: {0}.id	skiline@localhost/skiline/forum_visit/
b4c768a7-3a73-3e64-aaaf-aad3fcba8d8d	friend_invitation	Title: {0}.id	skiline@localhost/skiline/friend_invitation/
ecae724b-3f2e-37e2-995a-8c331c19d9c5	google_pist_view	Title: {0}.id	skiline@localhost/skiline/google_pist_view/
f9b5d975-07c4-3a94-a576-9fb2af016e7c	gpm_allg	Title: {0}.id	skiline@localhost/skiline/gpm_allg/
d31d5fc7-46a0-3486-971a-f8a805c26eac	gpm_cache	Title: {0}.id	skiline@localhost/skiline/gpm_cache/
68d59df5-379a-36d8-bd6c-a957f7740f98	gpm_data	Title: {0}.id	skiline@localhost/skiline/gpm_data/
74c1d89a-0047-3b5f-aa02-d824f86e02df	group	Title: {0}.id	skiline@localhost/skiline/group/
00d8acdf-1e05-3c2b-b044-1d5a04941f06	group_2_competition	Title: {0}.id	skiline@localhost/skiline/group_2_competition/
31fd4536-19f2-3fd6-9518-c16579c0ec06	group_invitation	Title: {0}.id	skiline@localhost/skiline/group_invitation/
b234638d-4a2a-3460-b745-76c0adc25016	handicap_log	Title: {0}.id	skiline@localhost/skiline/handicap_log/
7a613a6a-0c79-3526-8fb2-d13e7aa3c292	hc_kiosk_competition_altimeters	Title: {0}.id	skiline@localhost/skiline/hc_kiosk_competition_altimeters/
739529d9-2b03-3d4b-98dd-809cb6122cb8	hc_kiosk_competition_movies	Title: {0}.id	skiline@localhost/skiline/hc_kiosk_competition_movies/
c11199f1-ed5d-384c-a9db-d57d04cdb758	hc_kiosk_competition_users	Title: {0}.id	skiline@localhost/skiline/hc_kiosk_competition_users/
c3a2ff0c-44a4-3d5b-a98b-4761bb6a306b	hc_kiosk_competitions	Title: {0}.id	skiline@localhost/skiline/hc_kiosk_competitions/
4ff8bbd0-9c2e-3b72-8e29-28586363c286	hc_schema_migrations	Title: {0}.id	skiline@localhost/skiline/hc_schema_migrations/
83d54926-3d33-3913-837e-15d0d31c6403	hc_user_to_kiosk_competitions	Title: {0}.id	skiline@localhost/skiline/hc_user_to_kiosk_competitions/
2cd3b39d-7945-3e2e-873b-73c8b3fb7203	key_value_pair	Title: {0}.id	skiline@localhost/skiline/key_value_pair/
5036ebe0-4239-3960-bc2e-03b418e8bc71	kiosk	Title: {0}.id	skiline@localhost/skiline/kiosk/
773fe30e-968d-382c-b453-7daf5086eb7b	kiosk_competition_entry	Title: {0}.id	skiline@localhost/skiline/kiosk_competition_entry/
926f824f-5f26-3d47-a1bd-977214e49b10	kiosk_user_request	Title: {0}.id	skiline@localhost/skiline/kiosk_user_request/
ed8cba5a-b485-3cff-ab18-6b3424ebf772	lang	Title: {0}.id	skiline@localhost/skiline/lang/
a53ff426-d4c7-3ba8-80d8-636e50f59e32	layout	Title: {0}.id	skiline@localhost/skiline/layout/
c86ad139-18b7-338a-8dd7-b2e0c61b0a01	lead	Title: {0}.id	skiline@localhost/skiline/lead/
10f15920-8a5b-3dc1-b6ff-22fcfc534588	lead_bmw_2010	Title: {0}.id	skiline@localhost/skiline/lead_bmw_2010/
7b36a583-7da5-3881-a768-f7f309d01a42	lead_bmw_consent	Title: {0}.id	skiline@localhost/skiline/lead_bmw_consent/
d3ea5f1c-e10f-3dcd-93cd-d54c5bc7074c	lead_bmw_folder	Title: {0}.id	skiline@localhost/skiline/lead_bmw_folder/
6cf5a9ad-9a52-3256-981c-b123bfac7038	lead_bmw_vehicle	Title: {0}.id	skiline@localhost/skiline/lead_bmw_vehicle/
f1694087-d864-35c3-99a9-a57eb0a9f22c	localized_text	Title: coalesce({0}.de, {0}.en, {0}.it)	skiline@localhost/skiline/localized_text/
6dabc517-c540-3b11-bf10-2b5bf3eb4bb6	location	Title: {0}.id	skiline@localhost/skiline/location/
0ac4a79b-511a-39c5-aabd-1f65d7c1770d	login_history	Title: {0}.id	skiline@localhost/skiline/login_history/
bfe36449-0333-3c0c-a690-15022a5be386	mail_box	Title: {0}.id	skiline@localhost/skiline/mail_box/
de51ba07-f8f0-3c05-a235-fae16c5d26fc	mail_box_item	Title: {0}.id	skiline@localhost/skiline/mail_box_item/
9a0935c0-b327-3b58-96c4-610a164e9214	mail_box_item_2_receiver	Title: {0}.id	skiline@localhost/skiline/mail_box_item_2_receiver/
e41eed84-3263-3eec-8f50-a730b9e6dc3b	marketplace_sport2000rent	Title: {0}.id	skiline@localhost/skiline/marketplace_sport2000rent/
2c851451-786b-3c25-bbed-71f197a18be5	media	Title: {0}.id	skiline@localhost/skiline/media/
f99c2ccd-9ab4-35ea-9910-ed6a0f206901	media_visit	Title: {0}.id	skiline@localhost/skiline/media_visit/
c445e4dd-2190-3e3e-8724-3c795adfdcf6	messages	Title: {0}.id	skiline@localhost/skiline/messages/
cb248f98-f925-3393-bd4f-e26ce50168d0	newsfeed	Title: {0}.id	skiline@localhost/skiline/newsfeed/
79d11dbb-81e9-3077-b738-a2d1006fe075	newsfeed_item	Title: {0}.id	skiline@localhost/skiline/newsfeed_item/
ac063f15-d70b-3888-a0dd-7c175f2df0a8	newsletter	Title: {0}.id	skiline@localhost/skiline/newsletter/
ad2fd355-81ff-320e-bf1e-e5f24cd0389e	newsletter_2_user	Title: {0}.id	skiline@localhost/skiline/newsletter_2_user/
56875cc1-7cf0-36c7-9d80-5a3fe3626e00	newsticker_item	Title: {0}.id	skiline@localhost/skiline/newsticker_item/
4bd6a93f-bf36-3f81-9b58-b1fbdd14a7c0	photo	Title: {0}.id	skiline@localhost/skiline/photo/
59835c18-0ecd-3319-b20d-64494b33022c	photo_point	Title: {0}.id	skiline@localhost/skiline/photo_point/
b6b2266f-54b1-3ae9-b22e-634e7948055b	photobook	Title: {0}.id	skiline@localhost/skiline/photobook/
bffd697e-f7e0-3cb8-b700-1c7d7504302a	poi	Title: {0}.id	skiline@localhost/skiline/poi/
c2fb04c3-b9fa-35bc-a955-0ffd4347abe3	post	Title: {0}.id	skiline@localhost/skiline/post/
87d6a261-92d3-3ca8-a2d5-f4198ff76173	postal_code	Title: {0}.id	skiline@localhost/skiline/postal_code/
09ce7076-9faf-3ff6-8f48-292d65cd00ed	province	Title: {0}.id	skiline@localhost/skiline/province/
c113a487-bde3-3b9c-92d6-dcbc65112725	qrtz_blob_triggers	Title: {0}.id	skiline@localhost/skiline/qrtz_blob_triggers/
2509f139-c311-3b9a-b8f6-73f08c692e7c	qrtz_calendars	Title: {0}.id	skiline@localhost/skiline/qrtz_calendars/
d58de1da-c536-3405-a172-3c2073e88a10	qrtz_cron_triggers	Title: {0}.id	skiline@localhost/skiline/qrtz_cron_triggers/
187c44e2-44e2-3eef-a7be-a305851bfb6d	qrtz_fired_triggers	Title: {0}.id	skiline@localhost/skiline/qrtz_fired_triggers/
ece810e6-f186-3a90-8105-54b0ad1a4447	qrtz_job_details	Title: {0}.id	skiline@localhost/skiline/qrtz_job_details/
cb0655db-5268-3184-a8ab-f1c25bfa1f82	qrtz_job_listeners	Title: {0}.id	skiline@localhost/skiline/qrtz_job_listeners/
9cce1128-f1de-3acb-9987-05cb20acb104	qrtz_locks	Title: {0}.id	skiline@localhost/skiline/qrtz_locks/
61e744cc-7a26-384a-b223-3420a8c72438	qrtz_paused_trigger_grps	Title: {0}.id	skiline@localhost/skiline/qrtz_paused_trigger_grps/
0d44b0dd-30ea-3edd-88b1-4e879b0d73e2	qrtz_scheduler_state	Title: {0}.id	skiline@localhost/skiline/qrtz_scheduler_state/
9f83ac57-64ec-3aae-9269-79d7fb72bf5d	qrtz_simple_triggers	Title: {0}.id	skiline@localhost/skiline/qrtz_simple_triggers/
8ac3a7c0-c1c7-3817-a6d4-4afdcc208908	qrtz_trigger_listeners	Title: {0}.id	skiline@localhost/skiline/qrtz_trigger_listeners/
1d3e05a6-9aa0-3605-b208-3bebe22eabf7	qrtz_triggers	Title: {0}.id	skiline@localhost/skiline/qrtz_triggers/
fd947cbe-1280-37e3-8e69-4e92fb3d5d4e	race_profile	Title: {0}.id	skiline@localhost/skiline/race_profile/
9f796fe2-2592-389f-a74c-47844aa13160	race_profile_equipment	Title: {0}.id	skiline@localhost/skiline/race_profile_equipment/
072972cb-a8c8-3fbe-b3a6-0433d29ac240	rating	Title: {0}.id	skiline@localhost/skiline/rating/
b8b067e5-feb2-38a1-8d74-1eeccaae861a	rejected_passwords	Title: {0}.id	skiline@localhost/skiline/rejected_passwords/
d6247744-4c7a-32d3-bd21-f5200b2f665d	rel_daz_resort	Title: {0}.id	skiline@localhost/skiline/rel_daz_resort/
a11d10d6-a0f3-3288-a32a-a2164ec60255	rel_feratel_resort	Title: {0}.id	skiline@localhost/skiline/rel_feratel_resort/
a8023d93-6a5b-3843-9923-6c642659c353	rel_ggr_section	Title: {0}.id	skiline@localhost/skiline/rel_ggr_section/
9f1a8cbf-e07e-3cc8-abfa-8730f013dc31	rel_ggr_section_exit	Title: {0}.id	skiline@localhost/skiline/rel_ggr_section_exit/
e0328358-e228-3bd9-a712-39082b9b6ee5	rel_pool_company	Title: {0}.id	skiline@localhost/skiline/rel_pool_company/
11992cca-8de0-310a-9b9b-db09e7913179	rel_resort_skicard_type	Title: {0}.id	skiline@localhost/skiline/rel_resort_skicard_type/
45be37c9-9305-3221-9ada-ed30c48a088e	rel_resort_skidataconnection	Title: {0}.id	skiline@localhost/skiline/rel_resort_skidataconnection/
a29b4b49-abac-3bac-9aa2-79f97ab184e6	rel_section_miz	Title: {0}.id	skiline@localhost/skiline/rel_section_miz/
d6a64a31-726e-39c8-8562-47a179853cd8	rel_section_resort	Title: {0}.id	skiline@localhost/skiline/rel_section_resort/
ee3d3ad6-f51c-3f5f-86e8-31b545c895eb	rel_skicard_route	Title: {0}.id	skiline@localhost/skiline/rel_skicard_route/
4d35ef86-a039-3696-add6-e8424f75a3f5	rel_skicardpd_route	Title: {0}.id	skiline@localhost/skiline/rel_skicardpd_route/
9cf46d9f-6d74-3391-97e6-bbd930309cc1	rel_skicardpd_skicardsectionsupp	Title: {0}.id	skiline@localhost/skiline/rel_skicardpd_skicardsectionsupp/
059429a5-7270-3e43-923a-a81812d54069	resort	Title: trim({0}.name)	skiline@localhost/skiline/resort/
79e0414a-bbc2-34f0-9fd0-54c370851fdd	resort_connection_status	Title: {0}.id	skiline@localhost/skiline/resort_connection_status/
4a3dccfb-74df-3ea2-843a-296fa8b34673	resort_details	Title: {0}.id	skiline@localhost/skiline/resort_details/
83b0c7e0-54a6-3bf4-87bd-503323abab7a	resort_panorama	Title: {0}.id	skiline@localhost/skiline/resort_panorama/
98cb2aec-6e1e-3cf5-b576-d75bb698383a	resort_panorama_section	Title: {0}.id	skiline@localhost/skiline/resort_panorama_section/
a1cb517e-615c-3c87-a3ee-dbf99c898dc6	resort_season_statistics	Title: {0}.id	skiline@localhost/skiline/resort_season_statistics/
89e31889-9347-3d92-a291-9b30a0149c26	resort_sharing	Title: {0}.id	skiline@localhost/skiline/resort_sharing/
2dd4c68e-25b6-3ee3-bfdd-14f62d950688	resource_item	Title: {0}.id	skiline@localhost/skiline/resource_item/
6d17eabc-cf2a-3c3d-8712-c95729feebee	rfid_token	Title: {0}.id	skiline@localhost/skiline/rfid_token/
7f7efc48-f128-32de-856f-ab5f23707d2a	route	Title: {0}.id	skiline@localhost/skiline/route/
ffc2c91f-4a1d-33ce-af24-470834893e3a	route_sections	Title: {0}.id	skiline@localhost/skiline/route_sections/
c5b736bf-f72b-3873-9dfe-3c2678068b65	routing_rules	Title: {0}.id	skiline@localhost/skiline/routing_rules/
76ff18a2-9c69-3bf3-b33c-9876bb149519	routing_rules_last_section	Title: {0}.id	skiline@localhost/skiline/routing_rules_last_section/
74442cb1-cf81-3edd-8efb-ebdb43b4f7f6	schema_version	Title: {0}.id	skiline@localhost/skiline/schema_version/
7a9b6f01-d356-31bb-8e9f-bcc22db47c49	season	Title: {0}.id	skiline@localhost/skiline/season/
f782bfe6-5224-3d64-9cfc-a7545d5a596e	section	Title: {0}.id	skiline@localhost/skiline/section/
298eb33b-14f4-36d4-b70c-77b5b1e4c3d0	section_2_webcam	Title: {0}.id	skiline@localhost/skiline/section_2_webcam/
a6aa7723-4c19-3996-8bc9-8f153c9bd4b8	section_capacity	Title: {0}.id	skiline@localhost/skiline/section_capacity/
a6e314f7-a4fe-3ec2-9604-d1107b74f5f6	section_queuetime	Title: {0}.id	skiline@localhost/skiline/section_queuetime/
a2d68573-3e7d-3ab7-aae5-47465c1d199c	section_type	Title: {0}.id	skiline@localhost/skiline/section_type/
8955b721-c7af-3b80-a3b4-a4b091e01a1b	security_info	Title: 'DOI: ' || coalesce({0}.doi, '-') || ', locked: ' || {0}.locked	skiline@localhost/skiline/security_info/
f575386c-ce94-3a70-ac5d-78f089bad86c	ski_diary	Title: {0}.id	skiline@localhost/skiline/ski_diary/
756314d1-5891-319e-b0d9-a40455e57054	ski_handicap	Title: {0}.id	skiline@localhost/skiline/ski_handicap/
917c498a-6228-3f89-92da-3d63e4748760	ski_resort_info	Title: {0}.id	skiline@localhost/skiline/ski_resort_info/
d00d43cb-950b-3aae-94c1-f2b158082620	ski_resort_performance	Title: {0}.id	skiline@localhost/skiline/ski_resort_performance/
87ff409b-24ef-3c17-b64e-31b17423f349	ski_resort_province	Title: {0}.id	skiline@localhost/skiline/ski_resort_province/
5cd024ad-8412-36d0-ad19-adb2df920735	skicard	Title: {0}.external_id	skiline@localhost/skiline/skicard/
8b85b579-bac4-347d-aaa6-a7bbf3b7d74c	skicard_per_day	Title: {0}.id	skiline@localhost/skiline/skicard_per_day/
813b7f04-8ad9-3e82-88ba-435458d76ac5	skicard_section_supplement	Title: {0}.id	skiline@localhost/skiline/skicard_section_supplement/
301427e2-d224-3f12-90ad-d8a8c91f26b5	skidata_card_type_validity	Title: {0}.id	skiline@localhost/skiline/skidata_card_type_validity/
fdeda1e5-34eb-3d02-baba-03e9c7c146f6	skidata_card_types	Title: {0}.id	skiline@localhost/skiline/skidata_card_types/
5b90ab9c-4161-3a78-8df5-3900bb9ca50e	skidata_connection_params	Title: {0}.id	skiline@localhost/skiline/skidata_connection_params/
267f0c34-91a2-3bba-84df-c0ad52f56fe8	skidata_person_type	Title: {0}.id	skiline@localhost/skiline/skidata_person_type/
4dbc279a-c674-38be-bc5e-9ec0ee7cf3f1	skidata_pool_2_resort	Title: {0}.id	skiline@localhost/skiline/skidata_pool_2_resort/
13fc7468-b58e-31a8-8fae-6521d42ba234	skidata_sections	Title: {0}.id	skiline@localhost/skiline/skidata_sections/
246887c9-56ea-3225-858e-d74075473624	skier_level	Title: {0}.id	skiline@localhost/skiline/skier_level/
3fd1e403-3abd-30ac-ae4f-332a026fabd1	skiline_access_log	Title: {0}.id	skiline@localhost/skiline/skiline_access_log/
bd5a05ed-c6ed-3b4f-bf6f-72f1f807832b	skiline_boot_log	Title: {0}.id	skiline@localhost/skiline/skiline_boot_log/
229faa33-ed3e-3468-8a2f-11169563a8e7	skiline_error_log	Title: {0}.id	skiline@localhost/skiline/skiline_error_log/
ce1a7a25-7a4e-3fd7-b388-d8a1671e15e0	skiline_statistics	Title: {0}.id	skiline@localhost/skiline/skiline_statistics/
d224ec87-20a0-33d8-9a60-6bfc443aea29	skimovie_category	Title: {0}.id	skiline@localhost/skiline/skimovie_category/
b3cccd1b-5059-3e02-a6ba-aa365a74498c	skimovie_statistics	Title: {0}.id	skiline@localhost/skiline/skimovie_statistics/
1d2dcba1-09c1-3002-a0e8-cabe05ec92a0	skimovie_visit	Title: {0}.id	skiline@localhost/skiline/skimovie_visit/
2386bc98-0b5b-39a8-b623-cdfb90a554ca	spot	Title: {0}.id	skiline@localhost/skiline/spot/
48b27b46-c688-37fb-866f-7a67b13108b7	spot_2_user	Title: {0}.id	skiline@localhost/skiline/spot_2_user/
06ffff55-3ed8-39b6-90e6-74b16950f92a	svg_logo	Title: {0}.id	skiline@localhost/skiline/svg_logo/
c5b44459-8424-3b00-a499-d780c954807f	svg_template	Title: {0}.id	skiline@localhost/skiline/svg_template/
8e533642-c0f5-3c04-a57e-1ab98d15113d	svg_template_2_ski_resort	Title: {0}.id	skiline@localhost/skiline/svg_template_2_ski_resort/
c142c527-20df-3015-8483-dd1fa6e29ac7	svg_template_content	Title: {0}.id	skiline@localhost/skiline/svg_template_content/
e1f9ba11-015e-38a5-8017-88697fd0eb6d	swisscom_performance_status	Title: {0}.id	skiline@localhost/skiline/swisscom_performance_status/
9798ffc5-ad85-386d-a03b-f5e4f6664956	swisscom_skimovie_status	Title: {0}.id	skiline@localhost/skiline/swisscom_skimovie_status/
c76ffed2-4595-33b0-af7e-1a6129e2d331	system_property	Title: {0}.value	skiline@localhost/skiline/system_property/
2060002e-0186-3aaa-82e1-f523ea7d29dc	test_skicards	Title: {0}.id	skiline@localhost/skiline/test_skicards/
76e2b316-1dd8-34cd-9774-e3434ea95bd4	thread	Title: {0}.id	skiline@localhost/skiline/thread/
02eae97b-2425-3e4a-aeca-5c7a638a632e	thread_visit	Title: {0}.id	skiline@localhost/skiline/thread_visit/
b53d3e7c-8d07-35c8-b233-32df1ac495cc	top100_sharing	Title: {0}.id	skiline@localhost/skiline/top100_sharing/
5cef267d-6d83-3cab-8a5f-f88e938821ea	track	Title: {0}.id	skiline@localhost/skiline/track/
892762db-a289-34a7-83d3-ebcee8ef0226	usage_cache	Title: {0}.id	skiline@localhost/skiline/usage_cache/
4821c879-a2b1-3184-8e00-befc7428e797	user	Title: {0}.fname || ' ' || {0}.lname	skiline@localhost/skiline/user/
bc3933a3-8fdb-33e2-879c-49199ea3fba6	user_2_checkpoint	Title: {0}.id	skiline@localhost/skiline/user_2_checkpoint/
d652e04f-35d7-3ffc-9859-3ecbfee65750	user_2_competition	Title: {0}.id	skiline@localhost/skiline/user_2_competition/
4a7d598b-4681-385a-988e-7dda680f062b	user_2_group	Title: {0}.id	skiline@localhost/skiline/user_2_group/
acdeb0b4-085c-306d-89d8-128b74432d77	user_2_language	Title: {0}.id	skiline@localhost/skiline/user_2_language/
17245b1c-61db-3f03-aa71-4a3bb8fdda4e	user_2_role	Title: {0}.id	skiline@localhost/skiline/user_2_role/
eda8dd75-1b96-3581-8586-b50ef19c450a	user_2_route	Title: {0}.id	skiline@localhost/skiline/user_2_route/
eaf61b0b-71a0-38cf-a5ca-cf03c9d8c134	user_2_ski_resort	Title: {0}.id	skiline@localhost/skiline/user_2_ski_resort/
dd1badaa-da16-3c1c-af40-b48bbf93957f	user_2_skimovie	Title: {0}.id	skiline@localhost/skiline/user_2_skimovie/
0fbbb8a6-8f3e-3227-b682-305fc65f3001	user_2_user	Title: {0}.id	skiline@localhost/skiline/user_2_user/
051c9f62-38be-333c-bb65-2331a8a12baf	user_2_welcome_email	Title: {0}.id	skiline@localhost/skiline/user_2_welcome_email/
4a57378e-0ca6-3bc7-941d-dae6af674ddd	user_agent	Title: {0}.id	skiline@localhost/skiline/user_agent/
a67e2586-77b1-3bd8-ad9f-6859ba1f37eb	user_alarm	Title: {0}.id	skiline@localhost/skiline/user_alarm/
fe1cb1a3-5796-329f-87d6-b9292364e4c5	user_competition_reminder_email	Title: {0}.id	skiline@localhost/skiline/user_competition_reminder_email/
cf4f2c40-1e80-3796-8c6d-0a37f77d5429	user_facebook_info	Title: {0}.id	skiline@localhost/skiline/user_facebook_info/
aff49dc7-9b1f-395d-92d8-f36ddf5ee8e1	user_feature	Title: {0}.id	skiline@localhost/skiline/user_feature/
632d0b6a-8b49-33ef-a32a-baea67e7bb96	user_season_statistics	Title: {0}.id	skiline@localhost/skiline/user_season_statistics/
bc22e7d6-4753-3fc3-8d82-2b77863371e8	user_visit	Title: {0}.id	skiline@localhost/skiline/user_visit/
347254ce-f23b-31bd-9aa1-564a0f2639d2	video	Title: {0}.id	skiline@localhost/skiline/video/
03e54d88-0627-321d-ae3a-6d421efc6f9c	video_annotations	Title: {0}.id	skiline@localhost/skiline/video_annotations/
c2e3880f-e634-3f6f-8669-aad7b39e5869	video_details	Title: {0}.id	skiline@localhost/skiline/video_details/
c5b669ba-c725-3692-91f2-00ad26b7ad3f	webcams	Title: {0}.id	skiline@localhost/skiline/webcams/

