Id	Title	Subtitle	Autocomplete	
title	Hikeline	api_key.title	skiline@localhost/skiline/api_key/Hikeline/
subtitle	ffea0d34c9cb11e2995da3700476952a	api_key.subtitle	skiline@localhost/skiline/api_key/ffea0d34c9cb11e2995da3700476952a/
id	669ba310c9fb11e2aa1fd702d6148dbf	api_key.id	skiline@localhost/skiline/api_key/669ba310c9fb11e2aa1fd702d6148dbf/
version	0	api_key.version	skiline@localhost/skiline/api_key/0/
key	ffea0d34c9cb11e2995da3700476952a	api_key.key	skiline@localhost/skiline/api_key/ffea0d34c9cb11e2995da3700476952a/
ordinal	0	api_key.ordinal	skiline@localhost/skiline/api_key/0/
b2b_visible	False	api_key.b2b_visible	skiline@localhost/skiline/api_key/False/
client_id	abb1e89ac9cb11e29a55ff84026c6a7b (abb1e89ac9cb11e29a55ff84026c6a7b)	api_key.client_id -> client.id	skiline@localhost/skiline/client/abb1e89ac9cb11e29a55ff84026c6a7b/
comment	Hikeline	api_key.comment	skiline@localhost/skiline/api_key/Hikeline/
forgot_password_email_template_id	17003e2c226411e2a2e914feb5c97fba (17003e2c226411e2a2e914feb5c97fba)	api_key.forgot_password_email_template_id -> email_template.id	skiline@localhost/skiline/email_template/17003e2c226411e2a2e914feb5c97fba/
registration_doi_email_template_id	0d965f6c226711e2850214feb5c97fba (0d965f6c226711e2850214feb5c97fba)	api_key.registration_doi_email_template_id -> email_template.id	skiline@localhost/skiline/email_template/0d965f6c226711e2850214feb5c97fba/
key_hash	abfdeabc88e10912feaa0e070a12d85d	api_key.key_hash	skiline@localhost/skiline/api_key/abfdeabc88e10912feaa0e070a12d85d/
sender_email_address	None	api_key.sender_email_address	skiline@localhost/skiline/api_key/None/
sender_name	None	api_key.sender_name	skiline@localhost/skiline/api_key/None/
669ba310c9fb11e2aa1fd702d6148dbf	Ref: api_key_2_badge_definition.api_key_id	api_key_2_badge_definition.api_key_id	skiline@localhost/skiline/api_key_2_badge_definition/api_key_id=669ba310c9fb11e2aa1fd702d6148dbf
669ba310c9fb11e2aa1fd702d6148dbf	Ref: api_key_2_competition.api_key_id	api_key_2_competition.api_key_id	skiline@localhost/skiline/api_key_2_competition/api_key_id=669ba310c9fb11e2aa1fd702d6148dbf
669ba310c9fb11e2aa1fd702d6148dbf	Ref: api_permission.api_key_id	api_permission.api_key_id	skiline@localhost/skiline/api_permission/api_key_id=669ba310c9fb11e2aa1fd702d6148dbf

