Id	Title	Subtitle	Autocomplete	
skiline@localhost/hikeline	skiline@localhost/hikeline/	Database	skiline@localhost/hikeline/
skiline@localhost/postgres	skiline@localhost/postgres/	Database	skiline@localhost/postgres/
skiline@localhost/skiline	skiline@localhost/skiline/	Database	skiline@localhost/skiline/
skiline@localhost/skiline_test	skiline@localhost/skiline_test/	Database	skiline@localhost/skiline_test/

